// Jest Snapshot v1, https://goo.gl/fbAQLP

exports[`Home screen tests renders correctly 1`] = `
<RCTSafeAreaView
  emulateUnlessSupported={true}
  style={
    Object {
      "backgroundColor": "#F3F3F3",
    }
  }
>
  <View
    style={
      Object {
        "paddingHorizontal": 15,
        "paddingVertical": 10,
      }
    }
  >
    <TextInput
      autoFocus={true}
      clearButtonMode="always"
      onChangeText={[Function]}
      returnKeyType="search"
      style={
        Object {
          "borderRadius": 10,
          "borderWidth": 1,
          "marginBottom": 10,
          "padding": 10,
        }
      }
      value={Array []}
    />
    <RCTScrollView
      data={Array []}
      getItem={[Function]}
      getItemCount={[Function]}
      keyExtractor={[Function]}
      onContentSizeChange={[Function]}
      onLayout={[Function]}
      onMomentumScrollBegin={[Function]}
      onMomentumScrollEnd={[Function]}
      onScroll={[Function]}
      onScrollBeginDrag={[Function]}
      onScrollEndDrag={[Function]}
      renderItem={[Function]}
      scrollEventThrottle={50}
      stickyHeaderIndices={Array []}
    >
      <View />
    </RCTScrollView>
  </View>
</RCTSafeAreaView>
`;
