// Jest Snapshot v1, https://goo.gl/fbAQLP

exports[`search-bar tests renders correctly 1`] = `
<TextInput
  autoFocus={true}
  clearButtonMode="always"
  onChangeText={[Function]}
  returnKeyType="search"
  style={
    Object {
      "borderRadius": 10,
      "borderWidth": 1,
      "marginBottom": 10,
      "padding": 10,
    }
  }
  value={Array []}
/>
`;
